// Jest Snapshot v1, https://goo.gl/fbAQLP

exports[`<CartElement /> renders an element 1`] = `
<Styled(WithStyles(Paper))
  className={
    Object {
      "margin": 100,
      "padding": 200,
    }
  }
>
  <WithStyles(Grid)
    container={true}
    spacing={16}
    wrap="nowrap"
  >
    <WithStyles(Grid)
      item={true}
      xs={true}
      zeroMinWidth={true}
    >
      <WithStyles(Typography)
        noWrap={true}
        variant="subtitle1"
      >
        Prod1
      </WithStyles(Typography)>
    </WithStyles(Grid)>
    <WithStyles(Grid)
      item={true}
      xs={true}
      zeroMinWidth={true}
    >
      <TextField
        id="outlined-select-currency-native"
        onChange={[Function]}
        required={false}
        select={true}
        value={2}
        variant="outlined"
      >
        <option
          key="1"
          value={1}
        >
          1
        </option>
        <option
          key="2"
          value={2}
        >
          2
        </option>
        <option
          key="3"
          value={3}
        >
          3
        </option>
        <option
          key="4"
          value={4}
        >
          4
        </option>
        <option
          key="5"
          value={5}
        >
          5
        </option>
        <option
          key="6"
          value={6}
        >
          6
        </option>
        <option
          key="7"
          value={7}
        >
          7
        </option>
        <option
          key="8"
          value={8}
        >
          8
        </option>
        <option
          key="9"
          value={9}
        >
          9
        </option>
        <option
          key="10"
          value={10}
        >
          10
        </option>
        <option
          key="11"
          value={11}
        >
          11
        </option>
        <option
          key="12"
          value={12}
        >
          12
        </option>
        <option
          key="13"
          value={13}
        >
          13
        </option>
        <option
          key="14"
          value={14}
        >
          14
        </option>
        <option
          key="15"
          value={15}
        >
          15
        </option>
      </TextField>
    </WithStyles(Grid)>
    <Styled(WithStyles(Grid))
      item={true}
      zeroMinWidth={true}
    >
      <WithStyles(Typography)
        align="left"
        noWrap={true}
        variant="subtitle1"
      >
        NaN
          Â  RON
      </WithStyles(Typography)>
      <WithStyles(Button)
        onClick={[Function]}
        size="small"
      >
        Remove
      </WithStyles(Button)>
    </Styled(WithStyles(Grid))>
  </WithStyles(Grid)>
  <ResponsiveDialog
    handleClose={[Function]}
    handleConfirmClose={[Function]}
    open={false}
  />
</Styled(WithStyles(Paper))>
`;
