// Jest Snapshot v1, https://goo.gl/fbAQLP

exports[`<NavBar /> renders 1 <AppBar/> component 1`] = `
<main
  className={Object {}}
>
  <div
    className={Object {}}
  />
  <Connect(CardList) />
</main>
`;
